// Jest Snapshot v1, https://goo.gl/fbAQLP

exports[`Side bar main snapshot 1`] = `
<div
  className="makeStyles-card-11"
  style={
    Object {
      "backgroundColor": "#212121",
      "height": "100%",
      "margin": "0",
    }
  }
>
  <div
    className="makeStyles-cardBody-14"
  >
    <div
      className="MuiFormControl-root makeStyles-formControl-23 MuiFormControl-fullWidth"
    >
      <label
        className="MuiFormLabel-root MuiInputLabel-root makeStyles-labelRoot-20  MuiInputLabel-formControl MuiInputLabel-animated"
        data-shrink={false}
        htmlFor="search"
        style={
          Object {
            "marginTop": "15px",
          }
        }
      >
        Search
      </label>
      <div
        className="MuiInputBase-root MuiInput-root MuiInput-underline makeStyles-underline-16 MuiInputBase-formControl MuiInput-formControl MuiInputBase-adornedEnd"
        onClick={[Function]}
        style={
          Object {
            "height": "50px",
          }
        }
      >
        <input
          aria-invalid={false}
          className="MuiInputBase-input MuiInput-input makeStyles-input-24 MuiInputBase-inputAdornedEnd"
          disabled={false}
          id="search"
          onBlur={[Function]}
          onChange={[Function]}
          onFocus={[Function]}
          required={false}
          type="text"
          value=""
        />
        <div
          className="MuiInputAdornment-root MuiInputAdornment-positionEnd"
        >
          <svg
            aria-hidden="true"
            className="MuiSvgIcon-root"
            focusable="false"
            role="presentation"
            viewBox="0 0 24 24"
          >
            <path
              d="M15.5 14h-.79l-.28-.27C15.41 12.59 16 11.11 16 9.5 16 5.91 13.09 3 9.5 3S3 5.91 3 9.5 5.91 16 9.5 16c1.61 0 3.09-.59 4.23-1.57l.27.28v.79l5 4.99L20.49 19l-4.99-5zm-6 0C7.01 14 5 11.99 5 9.5S7.01 5 9.5 5 14 7.01 14 9.5 11.99 14 9.5 14z"
            />
          </svg>
        </div>
      </div>
    </div>
    <button
      className="MuiButtonBase-root MuiButton-root makeStyles-button-95 makeStyles-round-113 makeStyles-justIcon-116 MuiButton-text"
      disabled={false}
      onBlur={[Function]}
      onClick={[Function]}
      onDragLeave={[Function]}
      onFocus={[Function]}
      onKeyDown={[Function]}
      onKeyUp={[Function]}
      onMouseDown={[Function]}
      onMouseLeave={[Function]}
      onMouseUp={[Function]}
      onTouchEnd={[Function]}
      onTouchMove={[Function]}
      onTouchStart={[Function]}
      style={
        Object {
          "backgroundColor": "#00acc1",
          "bottom": "20px",
          "position": "absolute",
          "right": "20px",
        }
      }
      tabIndex={0}
      type="button"
    >
      <span
        className="MuiButton-label"
      >
        <svg
          aria-hidden="true"
          className="MuiSvgIcon-root"
          focusable="false"
          role="presentation"
          viewBox="0 0 24 24"
        >
          <path
            d="M19 13h-6v6h-2v-6H5v-2h6V5h2v6h6v2z"
          />
        </svg>
      </span>
    </button>
  </div>
</div>
`;
